// Vitest Snapshot v1, https://vitest.dev/guide/snapshot.html

exports[`OnboardingView.AddAIAgent.vue > should render the component 1`] = `
"<div>
  <div class="mock-index">Index Component</div>
</div>"
`;
